// Jest Snapshot v1, https://goo.gl/fbAQLP

exports[`Main testing Snapshot testing 1`] = `
<View
  style={
    Object {
      "flex": 1,
      "flexDirection": "column",
      "padding": 30,
    }
  }
>
  <View
    style={
      Object {
        "backgroundColor": "#FF9933",
        "borderTopLeftRadius": 50,
        "borderTopRightRadius": 50,
        "flex": 1,
      }
    }
  />
  <View
    style={
      Object {
        "alignItems": "center",
        "backgroundColor": "#fff",
        "flex": 1,
        "justifyContent": "center",
      }
    }
  >
    <Image
      source={
        Object {
          "testUri": "../../../assets/Images/AshokChakra.png",
        }
      }
      style={
        Object {
          "height": "100%",
          "width": "50%",
        }
      }
    />
  </View>
  <View
    style={
      Object {
        "backgroundColor": "#138808",
        "borderBottomLeftRadius": 50,
        "borderBottomRightRadius": 50,
        "flex": 1,
      }
    }
  />
</View>
`;
